<?xml version="1.0" encoding="utf-8"?><testsuites><testsuite name="pytest" errors="0" failures="0" skipped="0" tests="3" time="0.344" timestamp="2024-03-21T11:34:37.718925" hostname="J711QF7F7G"><testcase classname="tests.SimpleTest" name="test_parse_hl7_message" time="0.010" /><testcase classname="tests.SimpleTest" name="test_parse_hl7_message2" time="0.002" /><testcase classname="tests.SimpleTest" name="test_parse_hl7_message3" time="0.002" /></testsuite></testsuites>